PREHOOK: query: CREATE TABLE dest1(d date, t timestamp)
PREHOOK: type: CREATETABLE
PREHOOK: Output: database:default
PREHOOK: Output: default@dest1
POSTHOOK: query: CREATE TABLE dest1(d date, t timestamp)
POSTHOOK: type: CREATETABLE
POSTHOOK: Output: database:default
POSTHOOK: Output: default@dest1
PREHOOK: query: EXPLAIN
INSERT OVERWRITE TABLE dest1
SELECT cast('2013-11-17' as date), cast(cast('1.3041352164485E9' as double) as timestamp)
       FROM src tablesample (1 rows)
PREHOOK: type: QUERY
POSTHOOK: query: EXPLAIN
INSERT OVERWRITE TABLE dest1
SELECT cast('2013-11-17' as date), cast(cast('1.3041352164485E9' as double) as timestamp)
       FROM src tablesample (1 rows)
POSTHOOK: type: QUERY
STAGE DEPENDENCIES:
  Stage-1 is a root stage
  Stage-7 depends on stages: Stage-1 , consists of Stage-4, Stage-3, Stage-5
  Stage-4
  Stage-0 depends on stages: Stage-4, Stage-3, Stage-6
  Stage-2 depends on stages: Stage-0
  Stage-3
  Stage-5
  Stage-6 depends on stages: Stage-5

STAGE PLANS:
  Stage: Stage-1
    Map Reduce
      Map Operator Tree:
          TableScan
            alias: src
            Row Limit Per Split: 1
            Statistics: Num rows: 0 Data size: 5812 Basic stats: PARTIAL Column stats: COMPLETE
            Select Operator
              expressions: 2013-11-17 (type: date), 2011-04-29 20:46:56.4485 (type: timestamp)
              outputColumnNames: _col0, _col1
              Statistics: Num rows: 0 Data size: 5812 Basic stats: PARTIAL Column stats: COMPLETE
              File Output Operator
                compressed: false
                Statistics: Num rows: 0 Data size: 5812 Basic stats: PARTIAL Column stats: COMPLETE
                table:
                    input format: org.apache.hadoop.mapred.TextInputFormat
                    output format: org.apache.hadoop.hive.ql.io.HiveIgnoreKeyTextOutputFormat
                    serde: org.apache.hadoop.hive.serde2.lazy.LazySimpleSerDe
                    name: default.dest1

  Stage: Stage-7
    Conditional Operator

  Stage: Stage-4
    Move Operator
      files:
          hdfs directory: true
#### A masked pattern was here ####

  Stage: Stage-0
    Move Operator
      tables:
          replace: true
          table:
              input format: org.apache.hadoop.mapred.TextInputFormat
              output format: org.apache.hadoop.hive.ql.io.HiveIgnoreKeyTextOutputFormat
              serde: org.apache.hadoop.hive.serde2.lazy.LazySimpleSerDe
              name: default.dest1

  Stage: Stage-2
    Stats-Aggr Operator

  Stage: Stage-3
    Map Reduce
      Map Operator Tree:
          TableScan
            File Output Operator
              compressed: false
              table:
                  input format: org.apache.hadoop.mapred.TextInputFormat
                  output format: org.apache.hadoop.hive.ql.io.HiveIgnoreKeyTextOutputFormat
                  serde: org.apache.hadoop.hive.serde2.lazy.LazySimpleSerDe
                  name: default.dest1

  Stage: Stage-5
    Map Reduce
      Map Operator Tree:
          TableScan
            File Output Operator
              compressed: false
              table:
                  input format: org.apache.hadoop.mapred.TextInputFormat
                  output format: org.apache.hadoop.hive.ql.io.HiveIgnoreKeyTextOutputFormat
                  serde: org.apache.hadoop.hive.serde2.lazy.LazySimpleSerDe
                  name: default.dest1

  Stage: Stage-6
    Move Operator
      files:
          hdfs directory: true
#### A masked pattern was here ####

PREHOOK: query: INSERT OVERWRITE TABLE dest1
SELECT cast('2013-11-17' as date), cast(cast('1.3041352164485E9' as double) as timestamp)
       FROM src tablesample (1 rows)
PREHOOK: type: QUERY
PREHOOK: Input: default@src
PREHOOK: Output: default@dest1
POSTHOOK: query: INSERT OVERWRITE TABLE dest1
SELECT cast('2013-11-17' as date), cast(cast('1.3041352164485E9' as double) as timestamp)
       FROM src tablesample (1 rows)
POSTHOOK: type: QUERY
POSTHOOK: Input: default@src
POSTHOOK: Output: default@dest1
POSTHOOK: Lineage: dest1.d EXPRESSION []
POSTHOOK: Lineage: dest1.t EXPRESSION []
PREHOOK: query: SELECT * FROM dest1
PREHOOK: type: QUERY
PREHOOK: Input: default@dest1
#### A masked pattern was here ####
POSTHOOK: query: SELECT * FROM dest1
POSTHOOK: type: QUERY
POSTHOOK: Input: default@dest1
#### A masked pattern was here ####
2013-11-17	2011-04-29 20:46:56.4485
