PREHOOK: query: -- check if alter table fails as different user
create table t1(i int)
PREHOOK: type: CREATETABLE
POSTHOOK: query: -- check if alter table fails as different user
create table t1(i int)
POSTHOOK: type: CREATETABLE
POSTHOOK: Output: default@t1
FAILED: HiveAccessControlException Permission denied. Principal [name=user2, type=USER] does not have following privileges on Hive Object [type=TABLE, dbname=default, table/viewname=t1] : [OBJECT OWNERSHIP]
