PREHOOK: query: set role ADMIN
PREHOOK: type: SHOW_ROLES
POSTHOOK: query: set role ADMIN
POSTHOOK: type: SHOW_ROLES
PREHOOK: query: explain authorization kill query 'dummyqueryid'
PREHOOK: type: KILL QUERY
POSTHOOK: query: explain authorization kill query 'dummyqueryid'
POSTHOOK: type: KILL QUERY
INPUTS: 
OUTPUTS: 
  dummyHostnameForTest
CURRENT_USER: 
  hive_admin_user
OPERATION: 
  KILL_QUERY
FAILED: NullPointerException null
