PREHOOK: query: -- running a sql query to initialize the authorization - not needed in real HS2 mode
show tables
PREHOOK: type: SHOWTABLES
POSTHOOK: query: -- running a sql query to initialize the authorization - not needed in real HS2 mode
show tables
POSTHOOK: type: SHOWTABLES
alltypesorc
src
src1
src_json
src_sequencefile
src_thrift
srcbucket
srcbucket2
srcpart
Query returned non-zero code: 1, cause: Permission denied. Principal [name=hive_test_user, type=USER] does not have following privileges on Object [type=COMMAND_PARAMS, name=null] for operation RESET : [ADMIN PRIVILEGE]
