PREHOOK: query: -- check add partition without insert privilege
create table tpart(i int, j int) partitioned by (k string)
PREHOOK: type: CREATETABLE
PREHOOK: Output: database:default
POSTHOOK: query: -- check add partition without insert privilege
create table tpart(i int, j int) partitioned by (k string)
POSTHOOK: type: CREATETABLE
POSTHOOK: Output: database:default
POSTHOOK: Output: default@tpart
<<<<<<< HEAD
FAILED: HiveAccessControlException Permission denied. Principal [name=thejas, type=USER] does not have following privileges on Object [type=TABLE_OR_VIEW, name=default.tpart] : [INSERT]
=======
#### A masked pattern was here ####
>>>>>>> full test updates part 1
