PREHOOK: query: drop role PUBLIC
PREHOOK: type: DROPROLE
FAILED: Execution Error, return code 1 from org.apache.hadoop.hive.ql.exec.DDLTask. org.apache.hadoop.hive.ql.metadata.HiveException: MetaException(message:public/admin role can't be dropped.)
