PREHOOK: query: -- check query without select privilege fails
create table t1(i int)
PREHOOK: type: CREATETABLE
PREHOOK: Output: database:default
PREHOOK: Output: default@t1
POSTHOOK: query: -- check query without select privilege fails
create table t1(i int)
POSTHOOK: type: CREATETABLE
POSTHOOK: Output: database:default
POSTHOOK: Output: default@t1
FAILED: HiveAuthzPluginException Error getting object from metastore for Object [type=TABLE_OR_VIEW, name=default.t2]
