PREHOOK: query: -- current user has been set (comment line before the set cmd is resulting in parse error!!)

CREATE TABLE table_priv_gfail1(i int)
PREHOOK: type: CREATETABLE
POSTHOOK: query: -- current user has been set (comment line before the set cmd is resulting in parse error!!)

CREATE TABLE table_priv_gfail1(i int)
POSTHOOK: type: CREATETABLE
POSTHOOK: Output: default@table_priv_gfail1
PREHOOK: query: -- grant insert to user2 WITHOUT grant option
GRANT INSERT ON table_priv_gfail1 TO USER user2
PREHOOK: type: GRANT_PRIVILEGE
PREHOOK: Output: default@table_priv_gfail1
POSTHOOK: query: -- grant insert to user2 WITHOUT grant option
GRANT INSERT ON table_priv_gfail1 TO USER user2
POSTHOOK: type: GRANT_PRIVILEGE
POSTHOOK: Output: default@table_priv_gfail1
PREHOOK: query: -- try grant insert to user3 
GRANT INSERT ON table_priv_gfail1 TO USER user3
PREHOOK: type: GRANT_PRIVILEGE
PREHOOK: Output: default@table_priv_gfail1
FAILED: Execution Error, return code 1 from org.apache.hadoop.hive.ql.exec.DDLTask. Permission denied. User user2 does not have following privileges: INSERT with grant, 
