#### A masked pattern was here ####

create database dbao
PREHOOK: type: CREATEDATABASE
#### A masked pattern was here ####

create database dbao
POSTHOOK: type: CREATEDATABASE
FAILED: HiveAccessControlException Permission denied: Principal [name=user1, type=USER] does not have following privileges for operation ALTERDATABASE_OWNER [[ADMIN PRIVILEGE] on Object [type=DATABASE, name=dbao]]
