PREHOOK: query: create table tpart(i int, j int) partitioned by (k string)
PREHOOK: type: CREATETABLE
POSTHOOK: query: create table tpart(i int, j int) partitioned by (k string)
POSTHOOK: type: CREATETABLE
POSTHOOK: Output: default@tpart
#### A masked pattern was here ####
