PREHOOK: query: -- check insert overwrite without delete priv
create table t1(i int)
PREHOOK: type: CREATETABLE
PREHOOK: Output: database:default
POSTHOOK: query: -- check insert overwrite without delete priv
create table t1(i int)
POSTHOOK: type: CREATETABLE
POSTHOOK: Output: database:default
POSTHOOK: Output: default@t1
PREHOOK: query: grant insert on table t1 to user user1
PREHOOK: type: GRANT_PRIVILEGE
PREHOOK: Output: default@t1
POSTHOOK: query: grant insert on table t1 to user user1
POSTHOOK: type: GRANT_PRIVILEGE
POSTHOOK: Output: default@t1
PREHOOK: query: show grant on table t1
PREHOOK: type: SHOW_GRANT
POSTHOOK: query: show grant on table t1
POSTHOOK: type: SHOW_GRANT
default	t1			thejas	USER	DELETE	true	-1	thejas
default	t1			thejas	USER	INSERT	true	-1	thejas
default	t1			thejas	USER	SELECT	true	-1	thejas
default	t1			thejas	USER	UPDATE	true	-1	thejas
default	t1			user1	USER	INSERT	false	-1	thejas
PREHOOK: query: create table user1tab(i int)
PREHOOK: type: CREATETABLE
PREHOOK: Output: database:default
POSTHOOK: query: create table user1tab(i int)
POSTHOOK: type: CREATETABLE
POSTHOOK: Output: database:default
POSTHOOK: Output: default@user1tab
FAILED: HiveAccessControlException Permission denied. Principal [name=user1, type=USER] does not have following privileges on Object [type=TABLE_OR_VIEW, name=default.t1] : [DELETE]
