PREHOOK: query: DROP TEMPORARY FUNCTION max
PREHOOK: type: DROPFUNCTION
PREHOOK: Output: database:default
PREHOOK: Output: max
FAILED: Execution Error, return code 1 from org.apache.hadoop.hive.ql.exec.FunctionTask
