FAILED: SemanticException [Error 10099]: DATETIME type isn't supported yet. Please use TIMESTAMP instead
