PREHOOK: query: create table nestedcomplex (
simple_int int,
max_nested_array  array<array<array<array<array<array<array<array<array<array<array<array<array<array<array<array<array<array<array<array<array<array<array<int>>>>>>>>>>>>>>>>>>>>>>>,
max_nested_map    array<array<array<array<array<array<array<array<array<array<array<array<array<array<array<array<array<array<array<array<array<map<string,string>>>>>>>>>>>>>>>>>>>>>>,
max_nested_struct array<array<array<array<array<array<array<array<array<array<array<array<array<array<array<array<array<array<array<array<array<array<struct<s:string, i:bigint>>>>>>>>>>>>>>>>>>>>>>>,
simple_string string)
PREHOOK: type: CREATETABLE
#### A masked pattern was here ####
FAILED: Execution Error, return code 1 from org.apache.hadoop.hive.ql.exec.DDLTask
